// Jest Snapshot v1, https://goo.gl/fbAQLP

exports[`<CardSkill /> should match snapshot 1`] = `
.c0 {
  display: -webkit-box;
  display: -webkit-flex;
  display: -ms-flexbox;
  display: flex;
  -webkit-flex-direction: column;
  -ms-flex-direction: column;
  flex-direction: column;
  -webkit-box-pack: center;
  -webkit-justify-content: center;
  -ms-flex-pack: center;
  justify-content: center;
  -webkit-align-items: center;
  -webkit-box-align: center;
  -ms-flex-align: center;
  align-items: center;
  background: #DEE7EA;
  border-radius: 1.2rem;
  width: min(29rem,100%);
  padding: 3rem;
  -webkit-transition: all 0.3s ease-in-out;
  transition: all 0.3s ease-in-out;
  height: min(29.6rem,33rem);
}

.c0:hover {
  -webkit-transform: scale(1.1);
  -ms-transform: scale(1.1);
  transform: scale(1.1);
  background: #CAD5D9;
  box-shadow: 0px 10px 15px rgba(202,213,217,0.1);
}

.c0:hover .c2::after {
  content: '';
  position: absolute;
  left: 0;
  bottom: -0.8rem;
  margin-bottom: 1.6rem;
  width: 100%;
  display: -webkit-inline-box;
  display: -webkit-inline-flex;
  display: -ms-inline-flexbox;
  display: inline-flex;
  border: 0.2rem solid #6D59A8;
  margin-bottom: 0.8rem;
}

.c1 {
  max-width: min(6rem,100%);
}

.c3 {
  position: relative;
  font-family: Gilroy-Bold;
  font-size: 2.2rem;
  color: #1A1C23;
  padding: 1.6rem 0 0.8rem 0;
}

.c4 {
  font-size: 1.8rem;
  line-height: 150%;
  text-align: center;
  color: #1A1C23;
  padding: 1.6rem;
}

<div
  class="c0"
>
  <img
    alt="Desafios"
    class="c1"
    src="/img/icons/sword.svg"
  />
  <h3
    class="c2 c3"
  >
    Desafios
  </h3>
  <p
    class="c4"
  >
    Estou sempre em busca de novos desafios que me tirem do meu porto seguro.
  </p>
</div>
`
